TAP version 13
# Subtest: sc-if renders the true branch and omits the false branch
ok 1 - sc-if renders the true branch and omits the false branch
  ---
  duration_ms: 448.9006
  type: 'test'
  ...
# Subtest: sc-if flips branches when the underlying expression flips
ok 2 - sc-if flips branches when the underlying expression flips
  ---
  duration_ms: 221.7504
  type: 'test'
  ...
# Subtest: sc-for renders one row per list item
ok 3 - sc-for renders one row per list item
  ---
  duration_ms: 187.542
  type: 'test'
  ...
# Subtest: image-slot is emulated with a visible placeholder when its real runtime is unavailable
ok 4 - image-slot is emulated with a visible placeholder when its real runtime is unavailable
  ---
  duration_ms: 206.0412
  type: 'test'
  ...
# Subtest: an unsupported Claude Design primitive fails the render instead of disappearing silently
ok 5 - an unsupported Claude Design primitive fails the render instead of disappearing silently
  ---
  duration_ms: 176.6134
  type: 'test'
  ...
# Subtest: renderer fails clearly when the source file is missing
ok 6 - renderer fails clearly when the source file is missing
  ---
  duration_ms: 3.6287
  type: 'test'
  ...
# Subtest: renderer produces a PNG from the local fixture page
ok 7 - renderer produces a PNG from the local fixture page
  ---
  duration_ms: 751.0941
  type: 'test'
  ...
# Subtest: a letter-suffixed screen number still renders through the full pipeline
ok 8 - a letter-suffixed screen number still renders through the full pipeline
  ---
  duration_ms: 610.4057
  type: 'test'
  ...
# Subtest: an unsupported primitive fails the full render pipeline, not just the unit-level check
ok 9 - an unsupported primitive fails the full render pipeline, not just the unit-level check
  ---
  duration_ms: 389.1808
  type: 'test'
  ...
# Subtest: an uncaught page error fails the render
ok 10 - an uncaught page error fails the render
  ---
  duration_ms: 422.4915
  type: 'test'
  ...
# Subtest: a missing local dependency that is not a known-inert asset fails the render
ok 11 - a missing local dependency that is not a known-inert asset fails the render
  ---
  duration_ms: 543.2647
  type: 'test'
  ...
# Subtest: an unresolved external asset from a non-allowlisted host fails the render
ok 12 - an unresolved external asset from a non-allowlisted host fails the render
  ---
  duration_ms: 431.6647
  type: 'test'
  ...
# Subtest: schema accepts a valid manifest
ok 13 - schema accepts a valid manifest
  ---
  duration_ms: 2.4474
  type: 'test'
  ...
# Subtest: duplicate screen numbers are rejected after numeric normalization
ok 14 - duplicate screen numbers are rejected after numeric normalization
  ---
  duration_ms: 0.5773
  type: 'test'
  ...
# Subtest: letter-suffixed screen numbers are supported and normalized
ok 15 - letter-suffixed screen numbers are supported and normalized
  ---
  duration_ms: 0.2145
  type: 'test'
  ...
# Subtest: missing package and slug are rejected
ok 16 - missing package and slug are rejected
  ---
  duration_ms: 0.3608
  type: 'test'
  ...
# Subtest: invalid phaseLabel is rejected
ok 17 - invalid phaseLabel is rejected
  ---
  duration_ms: 0.2839
  type: 'test'
  ...
1..17
# tests 17
# suites 0
# pass 17
# fail 0
# cancelled 0
# skipped 0
# todo 0
# duration_ms 3651.716
