$ cargo fmt --all --check && cargo check --workspace --locked && cargo test --package minimart-hw-printer --locked && cargo clippy --workspace --all-targets --locked -- -D warnings && cargo fmt --manifest-path apps/pos-terminal/src-tauri/Cargo.toml --check && cargo check --manifest-path apps/pos-terminal/src-tauri/Cargo.toml --locked && cargo test --manifest-path apps/pos-terminal/src-tauri/Cargo.toml --locked && cargo clippy --manifest-path apps/pos-terminal/src-tauri/Cargo.toml --all-targets --locked -- -D warnings
    Checking minimart-hw-scale v0.0.0 (D:\mm-009\crates\hw-scale)
    Checking minimart-hw-scanner v0.0.0 (D:\mm-009\crates\hw-scanner)
    Checking minimart-hw-display v0.0.0 (D:\mm-009\crates\hw-display)
    Checking minimart-hw-printer v0.0.0 (D:\mm-009\crates\hw-printer)
    Finished `dev` profile [unoptimized + debuginfo] target(s) in 0.25s
   Compiling minimart-hw-printer v0.0.0 (D:\mm-009\crates\hw-printer)
    Finished `test` profile [unoptimized + debuginfo] target(s) in 0.75s
     Running unittests src\lib.rs (target\debug\deps\minimart_hw_printer-9f5ba14165188f90.exe)

running 35 tests
test raster::tests::a_font_set_needs_at_least_one_valid_font ... ok
test raster::tests::a_prebase_vowel_sign_stays_in_its_consonant_cluster ... ok
test raster::tests::a_joiner_keeps_the_font_of_the_preceding_run ... ok
test raster::tests::a_conjunct_shapes_to_one_glyph ... ok
test raster::tests::an_explicit_chillu_sequence_shapes_like_the_atomic_chillu ... ok
test raster::tests::a_character_in_no_font_is_a_missing_glyph_with_its_byte_offset ... ok
test raster::tests::control_characters_other_than_newline_are_rejected ... ok
test raster::tests::font_licence_texts_and_copyright_notices_are_retained ... ok
test raster::tests::bitmap_geometry_is_consistent_and_padding_bits_stay_clear ... ok
test raster::tests::guard_documented_limits_other_scripts_and_emoji_sequences_are_not_protected ... ok
test raster::tests::an_indivisible_unit_wider_than_the_width_is_an_error_not_a_clip ... ok
test raster::tests::guard_protects_the_cases_it_was_written_for ... ok
test raster::tests::edge_spaces_are_dropped_and_inner_spaces_keep_their_width ... ok
test raster::tests::empty_and_whitespace_only_input_is_rejected ... ok
test raster::tests::input_length_is_checked_exactly_at_the_limit ... ok
test raster::tests::ink_that_overhangs_the_width_is_an_error_and_a_left_overhang_is_padded ... ok
test raster::tests::latin_uses_the_first_font_and_malayalam_falls_back_to_the_second ... ok
test raster::tests::a_wrap_point_drops_its_spaces_and_no_line_is_wider_than_the_width ... ok
test raster::tests::sha256_matches_known_vectors ... ok
test raster::tests::paragraphs_make_lines_and_a_blank_paragraph_makes_a_blank_line ... ok
test raster::tests::line_box_uses_the_fonts_actually_used_and_never_less_than_their_metrics ... ok
test raster::tests::shaping_clusters_alone_allow_a_break_inside_a_conjunct_and_the_guard_forbids_it ... ok
test raster::tests::size_arithmetic_is_checked_and_never_wraps ... ok
test raster::tests::write_previews_when_requested ... ok
test raster::tests::width_and_pixel_size_are_range_checked ... ok
test tests::attempt_never_retries_even_after_uncertain_failure ... ok
test tests::diagnostic_is_bounded_ascii_with_windows_line_endings ... ok
test tests::errors_have_stable_hardware_categories ... ok
test tests::printer_name_must_be_explicit_and_bounded ... ok
test raster::tests::the_working_memory_limit_is_exact ... ok
test raster::tests::fixture_fonts_match_the_recorded_hashes ... ok
test raster::tests::line_count_line_box_height_and_memory_limits_each_return_an_error ... ok
test raster::tests::a_long_conjunct_word_never_breaks_inside_a_syllable_at_any_tested_width ... ok
test raster::tests::golden_bitmap_hashes ... ok
test raster::tests::rendering_is_repeatable_across_calls_and_font_set_instances ... ok

test result: ok. 35 passed; 0 failed; 0 ignored; 0 measured; 0 filtered out; finished in 0.11s

   Doc-tests minimart_hw_printer

running 0 tests

test result: ok. 0 passed; 0 failed; 0 ignored; 0 measured; 0 filtered out; finished in 0.00s

    Checking minimart-hw-scanner v0.0.0 (D:\mm-009\crates\hw-scanner)
    Checking minimart-hw-scale v0.0.0 (D:\mm-009\crates\hw-scale)
    Checking minimart-hw-display v0.0.0 (D:\mm-009\crates\hw-display)
    Checking minimart-hw-printer v0.0.0 (D:\mm-009\crates\hw-printer)
    Finished `dev` profile [unoptimized + debuginfo] target(s) in 0.43s
   Compiling proc-macro2 v1.0.107
   Compiling quote v1.0.47
   Compiling unicode-ident v1.0.26
   Compiling serde_core v1.0.229
   Compiling siphasher v1.0.4
   Compiling cfg-if v1.0.5
   Compiling fastrand v2.5.0
   Compiling icu_properties_data v2.1.2
   Compiling icu_normalizer_data v2.1.1
   Compiling stable_deref_trait v1.2.1
   Compiling phf_shared v0.13.1
   Compiling zmij v1.0.23
   Compiling smallvec v1.16.2
   Compiling phf_generator v0.13.1
   Compiling windows-link v0.2.1
   Compiling thiserror v2.0.21
   Compiling parking_lot_core v0.9.12
   Compiling serde v1.0.229
   Compiling fnv v1.0.7
   Compiling memchr v2.8.3
   Compiling itoa v1.0.18
   Compiling num-conv v0.1.0
   Compiling time-core v0.1.7
   Compiling typeid v1.0.3
   Compiling phf_codegen v0.13.1
   Compiling syn v2.0.119
   Compiling syn v3.0.6
   Compiling ident_case v1.0.1
   Compiling strsim v0.11.1
   Compiling litemap v0.8.3
   Compiling writeable v0.6.4
   Compiling erased-serde v0.4.10
   Compiling thiserror v1.0.69
   Compiling windows_x86_64_msvc v0.52.6
   Compiling new_debug_unreachable v1.0.6
   Compiling scopeguard v1.2.0
   Compiling version_check v0.9.5
    Checking windows-link v0.1.3
   Compiling string_cache_codegen v0.6.1
   Compiling lock_api v0.4.14
   Compiling serde_json v1.0.151
   Compiling getrandom v0.4.3
   Compiling libc v0.2.189
   Compiling winnow v1.0.4
   Compiling anyhow v1.0.104
   Compiling precomputed-hash v0.1.1
   Compiling web_atoms v0.2.6
   Compiling parking_lot v0.12.5
   Compiling toml_parser v1.1.3+spec-1.1.0
   Compiling serde_spanned v1.1.1
   Compiling synstructure v0.14.0
   Compiling windows-sys v0.61.2
   Compiling toml_writer v1.1.2+spec-1.1.0
   Compiling ctor-proc-macro v0.0.7
   Compiling synstructure v0.13.2
   Compiling darling_core v0.21.3
   Compiling string_cache v0.9.0
   Compiling zerofrom-derive v0.1.8
   Compiling zerovec-derive v0.11.6
   Compiling displaydoc v0.2.7
   Compiling serde_derive v1.0.229
   Compiling thiserror-impl v2.0.21
   Compiling zerofrom v0.1.8
   Compiling semver v1.0.28
    Checking windows-strings v0.4.2
    Checking windows-result v0.3.4
   Compiling yoke-derive v0.8.2
   Compiling phf_macros v0.13.1
   Compiling thiserror-impl v1.0.69
   Compiling windows-interface v0.59.3
   Compiling windows-implement v0.60.2
   Compiling percent-encoding v2.3.2
   Compiling shlex v2.0.1
   Compiling utf8_iter v1.0.4
   Compiling phf v0.13.1
   Compiling dtoa v1.0.11
   Compiling log v0.4.34
   Compiling find-msvc-tools v0.1.14
   Compiling autocfg v1.5.1
   Compiling yoke v0.8.3
   Compiling darling_macro v0.21.3
   Compiling dtoa-short v0.3.5
   Compiling zerovec v0.11.8
   Compiling zerotrie v0.2.5
   Compiling indexmap v1.9.3
   Compiling darling v0.21.3
   Compiling cc v1.5.0
   Compiling serde_with_macros v3.17.0
    Checking windows-core v0.61.2
   Compiling form_urlencoded v1.2.2
   Compiling tinystr v0.8.4
   Compiling potential_utf v0.1.6
   Compiling icu_collections v2.1.1
    Checking icu_locale_core v2.1.1
   Compiling cssparser-macros v0.6.1
   Compiling derive_more-impl v2.1.1
   Compiling uuid v1.26.1
   Compiling toml_datetime v1.1.1+spec-1.1.0
   Compiling tendril v0.5.1
   Compiling aho-corasick v1.1.5
   Compiling selectors v0.36.1
   Compiling alloc-no-stdlib v2.0.4
   Compiling icu_provider v2.1.1
   Compiling powerfmt v0.2.0
   Compiling regex-syntax v0.8.11
   Compiling unic-common v0.9.0
   Compiling byteorder v1.5.0
   Compiling unic-char-range v0.9.0
   Compiling camino v1.2.6
   Compiling icu_normalizer v2.1.1
   Compiling icu_properties v2.1.2
   Compiling derive_more v2.1.1
   Compiling unic-char-property v0.9.0
   Compiling deranged v0.5.8
   Compiling unic-ucd-version v0.9.0
   Compiling vswhom-sys v0.1.3
   Compiling alloc-stdlib v0.2.4
   Compiling markup5ever v0.38.0
   Compiling toml v1.1.6+spec-1.1.0
   Compiling cssparser v0.36.0
   Compiling idna_adapter v1.2.1
   Compiling winapi-util v0.1.11
   Compiling idna v1.1.0
   Compiling serde_derive_internals v0.29.1
   Compiling url v2.5.8
   Compiling regex-automata v0.4.18
   Compiling servo_arc v0.4.3
   Compiling schemars v0.8.22
   Compiling equivalent v1.0.2
   Compiling hashbrown v0.17.1
   Compiling bitflags v2.13.2
   Compiling bit-vec v0.8.0
   Compiling rustc-hash v2.1.3
   Compiling hashbrown v0.12.3
   Compiling bit-set v0.8.0
   Compiling schemars_derive v0.8.22
   Compiling indexmap v2.14.2
   Compiling windows-targets v0.52.6
   Compiling same-file v1.0.6
   Compiling time v0.3.45
   Compiling html5ever v0.38.0
   Compiling brotli-decompressor v5.0.3
   Compiling unic-ucd-ident v0.9.0
   Compiling cfb v0.7.3
   Compiling regex v1.13.1
   Compiling cargo-platform v0.1.9
   Compiling jsonptr v0.6.3
    Checking windows-threading v0.1.0
   Compiling quick-xml v0.38.4
   Compiling base64 v0.22.1
   Compiling dunce v1.0.5
   Compiling dyn-clone v1.0.20
   Compiling bytes v1.12.1
   Compiling foldhash v0.2.0
   Compiling dom_query v0.27.0
    Checking windows-future v0.2.1
   Compiling plist v1.8.0
   Compiling json-patch v3.0.1
   Compiling http v1.5.0
   Compiling cargo_metadata v0.19.2
   Compiling urlpattern v0.3.0
   Compiling infer v0.19.0
   Compiling brotli v8.0.4
   Compiling walkdir v2.5.0
   Compiling serde-untagged v0.1.9
   Compiling windows-sys v0.59.0
   Compiling serde_with v3.17.0
    Checking windows-collections v0.2.0
    Checking windows-numerics v0.2.0
   Compiling ctor v0.8.0
   Compiling generic-array v0.14.7
   Compiling simd-adler32 v0.3.10
   Compiling glob v0.3.4
    Checking windows v0.61.3
   Compiling vswhom v0.1.0
   Compiling rustc_version v0.4.1
   Compiling toml_datetime v0.7.5+spec-1.1.0
   Compiling time-macros v0.2.25
   Compiling winnow v0.7.15
   Compiling option-ext v0.2.0
   Compiling adler2 v2.0.1
   Compiling typenum v1.20.1
   Compiling crc32fast v1.5.2
   Compiling tauri-utils v2.9.3
   Compiling dirs-sys v0.5.0
   Compiling winreg v0.55.0
   Compiling webview2-com-sys v0.38.2
   Compiling embed-resource v3.0.11
   Compiling toml v0.9.12+spec-1.1.0
    Checking raw-window-handle v0.6.2
   Compiling heck v0.5.0
   Compiling crossbeam-utils v0.8.23
   Compiling tauri-winres v0.3.6
   Compiling cargo_toml v0.22.3
   Compiling dirs v6.0.0
   Compiling miniz_oxide v0.9.1
    Checking dpi v0.1.2
   Compiling cookie v0.18.2
   Compiling libm v0.2.16
   Compiling flate2 v1.1.10
   Compiling block-buffer v0.10.4
   Compiling crypto-common v0.1.7
   Compiling miniz_oxide v0.8.9
   Compiling fdeflate v0.3.7
   Compiling webview2-com-macros v0.8.1
    Checking windows-version v0.1.7
    Checking once_cell v1.21.4
    Checking unicode-segmentation v1.13.3
   Compiling bitflags v1.3.2
    Checking pin-project-lite v0.2.17
   Compiling png v0.17.16
   Compiling digest v0.10.7
    Checking crossbeam-channel v0.5.17
   Compiling tauri-build v2.6.3
   Compiling wry v0.55.1
    Checking tracing-core v0.1.36
   Compiling tauri-runtime v2.11.3
   Compiling cpufeatures v0.2.17
   Compiling sha2 v0.10.9
    Checking tracing v0.1.44
    Checking core_maths v0.1.1
   Compiling ico v0.5.0
   Compiling getrandom v0.3.4
   Compiling tauri-runtime-wry v2.11.4
    Checking softbuffer v0.4.8
   Compiling tauri-codegen v2.6.3
    Checking ttf-parser v0.25.1
    Checking keyboard-types v0.7.0
   Compiling serialize-to-javascript-impl v0.1.2
    Checking unicode-script v0.5.8
    Checking unicode-properties v0.1.4
    Checking bytemuck v1.25.2
    Checking unicode-bidi-mirroring v0.4.0
    Checking unicode-ccc v0.4.0
    Checking serialize-to-javascript v0.1.2
    Checking muda v0.19.3
    Checking window-vibrancy v0.6.0
    Checking rustybuzz v0.20.1
    Checking tokio v1.53.1
   Compiling serde_repr v0.1.21
    Checking mime v0.3.17
    Checking ab_glyph_rasterizer v0.1.10
   Compiling tauri v2.11.6
   Compiling minimart-pos-terminal v0.0.0 (D:\mm-009\apps\pos-terminal\src-tauri)
   Compiling tauri-macros v2.6.3
    Checking tao v0.35.3
    Checking minimart-hw-printer v0.0.0 (D:\mm-009\crates\hw-printer)
    Checking webview2-com v0.38.2
    Finished `dev` profile [unoptimized + debuginfo] target(s) in 1m 10s
   Compiling windows-link v0.2.1
   Compiling smallvec v1.16.2
   Compiling cfg-if v1.0.5
   Compiling siphasher v1.0.4
   Compiling itoa v1.0.18
   Compiling zerofrom v0.1.8
   Compiling litemap v0.8.3
   Compiling writeable v0.6.4
   Compiling serde_core v1.0.229
   Compiling memchr v2.8.3
   Compiling phf_shared v0.13.1
   Compiling icu_normalizer_data v2.1.1
   Compiling icu_properties_data v2.1.2
   Compiling yoke v0.8.3
   Compiling fnv v1.0.7
   Compiling zmij v1.0.23
   Compiling utf8_iter v1.0.4
   Compiling thiserror v2.0.21
   Compiling phf_generator v0.13.1
   Compiling zerovec v0.11.8
   Compiling log v0.4.34
   Compiling time-core v0.1.7
   Compiling num-conv v0.1.0
   Compiling phf_macros v0.13.1
   Compiling stable_deref_trait v1.2.1
   Compiling powerfmt v0.2.0
   Compiling winnow v1.0.4
   Compiling phf_codegen v0.13.1
   Compiling deranged v0.5.8
   Compiling tinystr v0.8.4
   Compiling toml_writer v1.1.2+spec-1.1.0
   Compiling scopeguard v1.2.0
   Compiling toml_parser v1.1.3+spec-1.1.0
   Compiling icu_locale_core v2.1.1
   Compiling lock_api v0.4.14
   Compiling darling_core v0.21.3
   Compiling potential_utf v0.1.6
   Compiling parking_lot_core v0.9.12
   Compiling zerotrie v0.2.5
   Compiling byteorder v1.5.0
   Compiling parking_lot v0.12.5
   Compiling icu_collections v2.1.1
   Compiling icu_provider v2.1.1
   Compiling typeid v1.0.3
   Compiling aho-corasick v1.1.5
   Compiling windows-link v0.1.3
   Compiling unic-char-range v0.9.0
   Compiling unic-common v0.9.0
   Compiling regex-syntax v0.8.11
   Compiling unic-ucd-version v0.9.0
   Compiling unic-char-property v0.9.0
   Compiling serde v1.0.229
   Compiling phf v0.13.1
   Compiling string_cache_codegen v0.6.1
   Compiling bytes v1.12.1
   Compiling equivalent v1.0.2
   Compiling alloc-no-stdlib v2.0.4
   Compiling hashbrown v0.17.1
   Compiling alloc-stdlib v0.2.4
   Compiling thiserror v1.0.69
   Compiling unic-ucd-ident v0.9.0
   Compiling web_atoms v0.2.6
   Compiling icu_normalizer v2.1.1
   Compiling icu_properties v2.1.2
   Compiling quick-xml v0.38.4
   Compiling indexmap v2.14.2
   Compiling windows-sys v0.61.2
   Compiling regex-automata v0.4.18
   Compiling serde_spanned v1.1.1
   Compiling dunce v1.0.5
   Compiling darling_macro v0.21.3
   Compiling base64 v0.22.1
   Compiling idna_adapter v1.2.1
   Compiling http v1.5.0
   Compiling brotli-decompressor v5.0.3
   Compiling darling v0.21.3
   Compiling getrandom v0.4.3
   Compiling serde_json v1.0.151
   Compiling serde_with_macros v3.17.0
   Compiling windows_x86_64_msvc v0.52.6
   Compiling string_cache v0.9.0
   Compiling regex v1.13.1
   Compiling windows-result v0.3.4
   Compiling windows-strings v0.4.2
   Compiling form_urlencoded v1.2.2
   Compiling ctor v0.8.0
   Compiling windows-core v0.61.2
   Compiling brotli v8.0.4
   Compiling windows-targets v0.52.6
   Compiling uuid v1.26.1
   Compiling idna v1.1.0
   Compiling anyhow v1.0.104
   Compiling libc v0.2.189
   Compiling selectors v0.36.1
   Compiling toml_datetime v1.1.1+spec-1.1.0
   Compiling glob v0.3.4
   Compiling toml v1.1.6+spec-1.1.0
   Compiling cssparser v0.36.0
   Compiling markup5ever v0.38.0
   Compiling url v2.5.8
   Compiling winapi-util v0.1.11
   Compiling same-file v1.0.6
   Compiling html5ever v0.38.0
   Compiling cfb v0.7.3
   Compiling jsonptr v0.6.3
   Compiling windows-threading v0.1.0
   Compiling erased-serde v0.4.10
   Compiling time v0.3.45
   Compiling option-ext v0.2.0
   Compiling dom_query v0.27.0
   Compiling schemars v0.8.22
   Compiling cargo_metadata v0.19.2
   Compiling json-patch v3.0.1
   Compiling serde-untagged v0.1.9
   Compiling windows-future v0.2.1
   Compiling infer v0.19.0
   Compiling walkdir v2.5.0
   Compiling vswhom-sys v0.1.3
   Compiling urlpattern v0.3.0
   Compiling plist v1.8.0
   Compiling windows-numerics v0.2.0
   Compiling windows-collections v0.2.0
   Compiling serde_with v3.17.0
   Compiling windows-sys v0.59.0
   Compiling windows v0.61.3
   Compiling vswhom v0.1.0
   Compiling time-macros v0.2.25
   Compiling percent-encoding v2.3.2
   Compiling toml v0.9.12+spec-1.1.0
   Compiling dirs-sys v0.5.0
   Compiling bitflags v2.13.2
   Compiling tauri-utils v2.9.3
   Compiling webview2-com-sys v0.38.2
   Compiling heck v0.5.0
   Compiling raw-window-handle v0.6.2
   Compiling dirs v6.0.0
   Compiling cargo_toml v0.22.3
   Compiling crc32fast v1.5.2
   Compiling dpi v0.1.2
   Compiling winreg v0.55.0
   Compiling embed-resource v3.0.11
   Compiling flate2 v1.1.10
   Compiling tauri-winres v0.3.6
   Compiling crossbeam-utils v0.8.23
   Compiling windows-version v0.1.7
   Compiling unicode-segmentation v1.13.3
   Compiling once_cell v1.21.4
   Compiling pin-project-lite v0.2.17
   Compiling png v0.17.16
   Compiling crossbeam-channel v0.5.17
   Compiling cookie v0.18.2
   Compiling libm v0.2.16
   Compiling tracing-core v0.1.36
   Compiling semver v1.0.28
   Compiling sha2 v0.10.9
   Compiling tracing v0.1.44
   Compiling core_maths v0.1.1
   Compiling ico v0.5.0
   Compiling ttf-parser v0.25.1
   Compiling softbuffer v0.4.8
   Compiling keyboard-types v0.7.0
   Compiling tauri-build v2.6.3
   Compiling tauri-codegen v2.6.3
   Compiling unicode-bidi-mirroring v0.4.0
   Compiling bytemuck v1.25.2
   Compiling unicode-properties v0.1.4
   Compiling unicode-script v0.5.8
   Compiling unicode-ccc v0.4.0
   Compiling rustybuzz v0.20.1
   Compiling serialize-to-javascript v0.1.2
   Compiling window-vibrancy v0.6.0
   Compiling muda v0.19.3
   Compiling getrandom v0.3.4
   Compiling tokio v1.53.1
   Compiling mime v0.3.17
   Compiling ab_glyph_rasterizer v0.1.10
   Compiling tauri v2.11.6
   Compiling tauri-macros v2.6.3
   Compiling minimart-pos-terminal v0.0.0 (D:\mm-009\apps\pos-terminal\src-tauri)
   Compiling tao v0.35.3
   Compiling minimart-hw-printer v0.0.0 (D:\mm-009\crates\hw-printer)
   Compiling webview2-com v0.38.2
   Compiling wry v0.55.1
   Compiling tauri-runtime v2.11.3
   Compiling tauri-runtime-wry v2.11.4
    Finished `test` profile [unoptimized + debuginfo] target(s) in 1m 11s
     Running unittests src\lib.rs (apps\pos-terminal\src-tauri\target\debug\deps\minimart_pos_terminal_lib-0fe66c26df6f0975.exe)

running 4 tests
test printer_spike::tests::gate_passes_the_queue_name_through_only_when_explicitly_enabled ... ok
test printer_spike::tests::gate_rejects_missing_printer_queue_even_when_enabled ... ok
test printer_spike::tests::gate_rejects_when_the_enable_flag_is_unset_or_not_exactly_one ... ok
test printer_spike::tests::reply_never_claims_physical_output ... ok

test result: ok. 4 passed; 0 failed; 0 ignored; 0 measured; 0 filtered out; finished in 0.00s

     Running unittests src\main.rs (apps\pos-terminal\src-tauri\target\debug\deps\minimart_pos_terminal-636a09bd79c07c95.exe)

running 0 tests

test result: ok. 0 passed; 0 failed; 0 ignored; 0 measured; 0 filtered out; finished in 0.00s

   Doc-tests minimart_pos_terminal_lib

running 0 tests

test result: ok. 0 passed; 0 failed; 0 ignored; 0 measured; 0 filtered out; finished in 0.00s

   Compiling minimart-pos-terminal v0.0.0 (D:\mm-009\apps\pos-terminal\src-tauri)
    Finished `dev` profile [unoptimized + debuginfo] target(s) in 2.59s
exit=0
